https://raw.githubusercontent.com/wyot1/GeoLite2-Unwalled/downloads/COUNTRY/CSV/GeoLite2-Country-Blocks-IPv4.csv
https://raw.githubusercontent.com/wyot1/GeoLite2-Unwalled/downloads/COUNTRY/CSV/GeoLite2-Country-Blocks-IPv6.csv
https://raw.githubusercontent.com/wyot1/GeoLite2-Unwalled/downloads/COUNTRY/CSV/GeoLite2-Country-Locations-de.csv
https://raw.githubusercontent.com/wyot1/GeoLite2-Unwalled/downloads/COUNTRY/CSV/GeoLite2-Country-Locations-en.csv
https://raw.githubusercontent.com/wyot1/GeoLite2-Unwalled/downloads/COUNTRY/CSV/GeoLite2-Country-Locations-es.csv
https://raw.githubusercontent.com/wyot1/GeoLite2-Unwalled/downloads/COUNTRY/CSV/GeoLite2-Country-Locations-fr.csv
https://raw.githubusercontent.com/wyot1/GeoLite2-Unwalled/downloads/COUNTRY/CSV/GeoLite2-Country-Locations-ja.csv
https://raw.githubusercontent.com/wyot1/GeoLite2-Unwalled/downloads/COUNTRY/CSV/GeoLite2-Country-Locations-pt-BR.csv
https://raw.githubusercontent.com/wyot1/GeoLite2-Unwalled/downloads/COUNTRY/CSV/GeoLite2-Country-Locations-ru.csv
https://raw.githubusercontent.com/wyot1/GeoLite2-Unwalled/downloads/COUNTRY/CSV/GeoLite2-Country-Locations-zh-CN.csv
