https://raw.githubusercontent.com/wyot1/GeoLite2-Unwalled/downloads/COUNTRY/CSV-ZST/GeoLite2-Country-Blocks-IPv4.csv.zst
https://raw.githubusercontent.com/wyot1/GeoLite2-Unwalled/downloads/COUNTRY/CSV-ZST/GeoLite2-Country-Blocks-IPv6.csv.zst
https://raw.githubusercontent.com/wyot1/GeoLite2-Unwalled/downloads/COUNTRY/CSV-ZST/GeoLite2-Country-Locations-de.csv.zst
https://raw.githubusercontent.com/wyot1/GeoLite2-Unwalled/downloads/COUNTRY/CSV-ZST/GeoLite2-Country-Locations-en.csv.zst
https://raw.githubusercontent.com/wyot1/GeoLite2-Unwalled/downloads/COUNTRY/CSV-ZST/GeoLite2-Country-Locations-es.csv.zst
https://raw.githubusercontent.com/wyot1/GeoLite2-Unwalled/downloads/COUNTRY/CSV-ZST/GeoLite2-Country-Locations-fr.csv.zst
https://raw.githubusercontent.com/wyot1/GeoLite2-Unwalled/downloads/COUNTRY/CSV-ZST/GeoLite2-Country-Locations-ja.csv.zst
https://raw.githubusercontent.com/wyot1/GeoLite2-Unwalled/downloads/COUNTRY/CSV-ZST/GeoLite2-Country-Locations-pt-BR.csv.zst
https://raw.githubusercontent.com/wyot1/GeoLite2-Unwalled/downloads/COUNTRY/CSV-ZST/GeoLite2-Country-Locations-ru.csv.zst
https://raw.githubusercontent.com/wyot1/GeoLite2-Unwalled/downloads/COUNTRY/CSV-ZST/GeoLite2-Country-Locations-zh-CN.csv.zst
