https://raw.githubusercontent.com/wyot1/GeoLite2-Unwalled/downloads/CITY/CSV-ZST/GeoLite2-City-Blocks-IPv4.csv.zst
https://raw.githubusercontent.com/wyot1/GeoLite2-Unwalled/downloads/CITY/CSV-ZST/GeoLite2-City-Blocks-IPv6.csv.zst
https://raw.githubusercontent.com/wyot1/GeoLite2-Unwalled/downloads/CITY/CSV-ZST/GeoLite2-City-Locations-de.csv.zst
https://raw.githubusercontent.com/wyot1/GeoLite2-Unwalled/downloads/CITY/CSV-ZST/GeoLite2-City-Locations-en.csv.zst
https://raw.githubusercontent.com/wyot1/GeoLite2-Unwalled/downloads/CITY/CSV-ZST/GeoLite2-City-Locations-es.csv.zst
https://raw.githubusercontent.com/wyot1/GeoLite2-Unwalled/downloads/CITY/CSV-ZST/GeoLite2-City-Locations-fr.csv.zst
https://raw.githubusercontent.com/wyot1/GeoLite2-Unwalled/downloads/CITY/CSV-ZST/GeoLite2-City-Locations-ja.csv.zst
https://raw.githubusercontent.com/wyot1/GeoLite2-Unwalled/downloads/CITY/CSV-ZST/GeoLite2-City-Locations-pt-BR.csv.zst
https://raw.githubusercontent.com/wyot1/GeoLite2-Unwalled/downloads/CITY/CSV-ZST/GeoLite2-City-Locations-ru.csv.zst
https://raw.githubusercontent.com/wyot1/GeoLite2-Unwalled/downloads/CITY/CSV-ZST/GeoLite2-City-Locations-zh-CN.csv.zst
