https://raw.githubusercontent.com/wyot1/GeoLite2-Unwalled/downloads/CITY/CSV/GeoLite2-City-Blocks-IPv4.csv.00
https://raw.githubusercontent.com/wyot1/GeoLite2-Unwalled/downloads/CITY/CSV/GeoLite2-City-Blocks-IPv4.csv.01
https://raw.githubusercontent.com/wyot1/GeoLite2-Unwalled/downloads/CITY/CSV/GeoLite2-City-Blocks-IPv6.csv
https://raw.githubusercontent.com/wyot1/GeoLite2-Unwalled/downloads/CITY/CSV/GeoLite2-City-Locations-de.csv
https://raw.githubusercontent.com/wyot1/GeoLite2-Unwalled/downloads/CITY/CSV/GeoLite2-City-Locations-en.csv
https://raw.githubusercontent.com/wyot1/GeoLite2-Unwalled/downloads/CITY/CSV/GeoLite2-City-Locations-es.csv
https://raw.githubusercontent.com/wyot1/GeoLite2-Unwalled/downloads/CITY/CSV/GeoLite2-City-Locations-fr.csv
https://raw.githubusercontent.com/wyot1/GeoLite2-Unwalled/downloads/CITY/CSV/GeoLite2-City-Locations-ja.csv
https://raw.githubusercontent.com/wyot1/GeoLite2-Unwalled/downloads/CITY/CSV/GeoLite2-City-Locations-pt-BR.csv
https://raw.githubusercontent.com/wyot1/GeoLite2-Unwalled/downloads/CITY/CSV/GeoLite2-City-Locations-ru.csv
https://raw.githubusercontent.com/wyot1/GeoLite2-Unwalled/downloads/CITY/CSV/GeoLite2-City-Locations-zh-CN.csv
